[32m2026-01-02 20:44:15 +0100[0m - dagster - [34mDEBUG[0m - pl_mvp_pipeline - 710f5e77-c40f-4d81-ba05-e1271f5addca - 29589 - LOGS_CAPTURED - Started capturing logs in process (pid: 29589).
[32m2026-01-02 20:44:15 +0100[0m - dagster - [34mDEBUG[0m - pl_mvp_pipeline - 710f5e77-c40f-4d81-ba05-e1271f5addca - 29589 - teams_data - STEP_START - Started execution of step "teams_data".
[32m2026-01-02 20:44:15 +0100[0m - dagster - [34mINFO[0m - pl_mvp_pipeline - 710f5e77-c40f-4d81-ba05-e1271f5addca - teams_data - Running teams pipeline...
[32m2026-01-02 20:44:16 +0100[0m - dagster - [34mINFO[0m - pl_mvp_pipeline - 710f5e77-c40f-4d81-ba05-e1271f5addca - teams_data - Verified teams table exists
[32m2026-01-02 20:44:16 +0100[0m - dagster - [34mINFO[0m - pl_mvp_pipeline - 710f5e77-c40f-4d81-ba05-e1271f5addca - teams_data - Teams pipeline completed.
[32m2026-01-02 20:44:16 +0100[0m - dagster - [34mDEBUG[0m - pl_mvp_pipeline - 710f5e77-c40f-4d81-ba05-e1271f5addca - 29589 - teams_data - STEP_OUTPUT - Yielded output "result" of type "Any". (Type check passed).
[32m2026-01-02 20:44:16 +0100[0m - dagster - [34mDEBUG[0m - pl_mvp_pipeline - 710f5e77-c40f-4d81-ba05-e1271f5addca - teams_data - Writing file at: /Users/admin/Documents/github/PL_dashboard/.tmp_dagster_home_ohf85d3i/storage/teams_data using PickledObjectFilesystemIOManager...
[32m2026-01-02 20:44:16 +0100[0m - dagster - [34mDEBUG[0m - pl_mvp_pipeline - 710f5e77-c40f-4d81-ba05-e1271f5addca - 29589 - teams_data - ASSET_MATERIALIZATION - Materialized value teams_data.
[32m2026-01-02 20:44:16 +0100[0m - dagster - [34mDEBUG[0m - pl_mvp_pipeline - 710f5e77-c40f-4d81-ba05-e1271f5addca - 29589 - teams_data - HANDLED_OUTPUT - Handled output "result" using IO manager "io_manager"
[32m2026-01-02 20:44:16 +0100[0m - dagster - [34mDEBUG[0m - pl_mvp_pipeline - 710f5e77-c40f-4d81-ba05-e1271f5addca - 29589 - teams_data - STEP_SUCCESS - Finished execution of step "teams_data" in 1.12s.
[32m2026-01-02 20:44:16 +0100[0m - dagster - [34mDEBUG[0m - pl_mvp_pipeline - 710f5e77-c40f-4d81-ba05-e1271f5addca - 29589 - fixtures_data - STEP_START - Started execution of step "fixtures_data".
[32m2026-01-02 20:44:16 +0100[0m - dagster - [34mINFO[0m - pl_mvp_pipeline - 710f5e77-c40f-4d81-ba05-e1271f5addca - fixtures_data - Running fixtures pipeline...
[32m2026-01-02 20:44:16 +0100[0m - dagster - [34mINFO[0m - pl_mvp_pipeline - 710f5e77-c40f-4d81-ba05-e1271f5addca - fixtures_data - Verified fixtures table exists
[32m2026-01-02 20:44:16 +0100[0m - dagster - [34mINFO[0m - pl_mvp_pipeline - 710f5e77-c40f-4d81-ba05-e1271f5addca - fixtures_data - Fixtures pipeline completed.
[32m2026-01-02 20:44:16 +0100[0m - dagster - [34mDEBUG[0m - pl_mvp_pipeline - 710f5e77-c40f-4d81-ba05-e1271f5addca - 29589 - fixtures_data - STEP_OUTPUT - Yielded output "result" of type "Any". (Type check passed).
[32m2026-01-02 20:44:16 +0100[0m - dagster - [34mDEBUG[0m - pl_mvp_pipeline - 710f5e77-c40f-4d81-ba05-e1271f5addca - fixtures_data - Writing file at: /Users/admin/Documents/github/PL_dashboard/.tmp_dagster_home_ohf85d3i/storage/fixtures_data using PickledObjectFilesystemIOManager...
[32m2026-01-02 20:44:16 +0100[0m - dagster - [34mDEBUG[0m - pl_mvp_pipeline - 710f5e77-c40f-4d81-ba05-e1271f5addca - 29589 - fixtures_data - ASSET_MATERIALIZATION - Materialized value fixtures_data.
[32m2026-01-02 20:44:16 +0100[0m - dagster - [34mDEBUG[0m - pl_mvp_pipeline - 710f5e77-c40f-4d81-ba05-e1271f5addca - 29589 - fixtures_data - HANDLED_OUTPUT - Handled output "result" using IO manager "io_manager"
[32m2026-01-02 20:44:16 +0100[0m - dagster - [34mDEBUG[0m - pl_mvp_pipeline - 710f5e77-c40f-4d81-ba05-e1271f5addca - 29589 - fixtures_data - STEP_SUCCESS - Finished execution of step "fixtures_data" in 251ms.
[32m2026-01-02 20:44:16 +0100[0m - dagster - [34mDEBUG[0m - pl_mvp_pipeline - 710f5e77-c40f-4d81-ba05-e1271f5addca - 29589 - standings_data - STEP_START - Started execution of step "standings_data".
[32m2026-01-02 20:44:16 +0100[0m - dagster - [34mINFO[0m - pl_mvp_pipeline - 710f5e77-c40f-4d81-ba05-e1271f5addca - standings_data - Running standings pipeline...
[32m2026-01-02 20:44:17 +0100[0m - dagster - [34mINFO[0m - pl_mvp_pipeline - 710f5e77-c40f-4d81-ba05-e1271f5addca - standings_data - Verified standings table exists
[32m2026-01-02 20:44:17 +0100[0m - dagster - [34mINFO[0m - pl_mvp_pipeline - 710f5e77-c40f-4d81-ba05-e1271f5addca - standings_data - Standings pipeline completed.
[32m2026-01-02 20:44:17 +0100[0m - dagster - [34mDEBUG[0m - pl_mvp_pipeline - 710f5e77-c40f-4d81-ba05-e1271f5addca - 29589 - standings_data - STEP_OUTPUT - Yielded output "result" of type "Any". (Type check passed).
[32m2026-01-02 20:44:17 +0100[0m - dagster - [34mDEBUG[0m - pl_mvp_pipeline - 710f5e77-c40f-4d81-ba05-e1271f5addca - standings_data - Writing file at: /Users/admin/Documents/github/PL_dashboard/.tmp_dagster_home_ohf85d3i/storage/standings_data using PickledObjectFilesystemIOManager...
[32m2026-01-02 20:44:17 +0100[0m - dagster - [34mDEBUG[0m - pl_mvp_pipeline - 710f5e77-c40f-4d81-ba05-e1271f5addca - 29589 - standings_data - ASSET_MATERIALIZATION - Materialized value standings_data.
[32m2026-01-02 20:44:17 +0100[0m - dagster - [34mDEBUG[0m - pl_mvp_pipeline - 710f5e77-c40f-4d81-ba05-e1271f5addca - 29589 - standings_data - HANDLED_OUTPUT - Handled output "result" using IO manager "io_manager"
[32m2026-01-02 20:44:17 +0100[0m - dagster - [34mDEBUG[0m - pl_mvp_pipeline - 710f5e77-c40f-4d81-ba05-e1271f5addca - 29589 - standings_data - STEP_SUCCESS - Finished execution of step "standings_data" in 516ms.
[32m2026-01-02 20:44:17 +0100[0m - dagster - [34mDEBUG[0m - pl_mvp_pipeline - 710f5e77-c40f-4d81-ba05-e1271f5addca - 29589 - players_data - STEP_START - Started execution of step "players_data".
[32m2026-01-02 20:44:17 +0100[0m - dagster - [34mINFO[0m - pl_mvp_pipeline - 710f5e77-c40f-4d81-ba05-e1271f5addca - players_data - Running players pipeline...
[32m2026-01-02 20:44:24 +0100[0m - dagster - [34mINFO[0m - pl_mvp_pipeline - 710f5e77-c40f-4d81-ba05-e1271f5addca - players_data - Verified players table exists
[32m2026-01-02 20:44:24 +0100[0m - dagster - [34mINFO[0m - pl_mvp_pipeline - 710f5e77-c40f-4d81-ba05-e1271f5addca - players_data - Players pipeline completed.
[32m2026-01-02 20:44:24 +0100[0m - dagster - [34mDEBUG[0m - pl_mvp_pipeline - 710f5e77-c40f-4d81-ba05-e1271f5addca - 29589 - players_data - STEP_OUTPUT - Yielded output "result" of type "Any". (Type check passed).
[32m2026-01-02 20:44:24 +0100[0m - dagster - [34mDEBUG[0m - pl_mvp_pipeline - 710f5e77-c40f-4d81-ba05-e1271f5addca - players_data - Writing file at: /Users/admin/Documents/github/PL_dashboard/.tmp_dagster_home_ohf85d3i/storage/players_data using PickledObjectFilesystemIOManager...
[32m2026-01-02 20:44:24 +0100[0m - dagster - [34mDEBUG[0m - pl_mvp_pipeline - 710f5e77-c40f-4d81-ba05-e1271f5addca - 29589 - players_data - ASSET_MATERIALIZATION - Materialized value players_data.
[32m2026-01-02 20:44:24 +0100[0m - dagster - [34mDEBUG[0m - pl_mvp_pipeline - 710f5e77-c40f-4d81-ba05-e1271f5addca - 29589 - players_data - HANDLED_OUTPUT - Handled output "result" using IO manager "io_manager"
[32m2026-01-02 20:44:24 +0100[0m - dagster - [34mDEBUG[0m - pl_mvp_pipeline - 710f5e77-c40f-4d81-ba05-e1271f5addca - 29589 - players_data - STEP_SUCCESS - Finished execution of step "players_data" in 7.06s.
[32m2026-01-02 20:44:24 +0100[0m - dagster - [34mDEBUG[0m - pl_mvp_pipeline - 710f5e77-c40f-4d81-ba05-e1271f5addca - 29589 - scorers_data - STEP_START - Started execution of step "scorers_data".
[32m2026-01-02 20:44:24 +0100[0m - dagster - [34mINFO[0m - pl_mvp_pipeline - 710f5e77-c40f-4d81-ba05-e1271f5addca - scorers_data - Running scorers pipeline...
[32m2026-01-02 20:44:24 +0100[0m - dagster - [34mINFO[0m - pl_mvp_pipeline - 710f5e77-c40f-4d81-ba05-e1271f5addca - scorers_data - Verified scorers table exists
[32m2026-01-02 20:44:24 +0100[0m - dagster - [34mINFO[0m - pl_mvp_pipeline - 710f5e77-c40f-4d81-ba05-e1271f5addca - scorers_data - Scorers pipeline completed.
[32m2026-01-02 20:44:24 +0100[0m - dagster - [34mDEBUG[0m - pl_mvp_pipeline - 710f5e77-c40f-4d81-ba05-e1271f5addca - 29589 - scorers_data - STEP_OUTPUT - Yielded output "result" of type "Any". (Type check passed).
[32m2026-01-02 20:44:24 +0100[0m - dagster - [34mDEBUG[0m - pl_mvp_pipeline - 710f5e77-c40f-4d81-ba05-e1271f5addca - scorers_data - Writing file at: /Users/admin/Documents/github/PL_dashboard/.tmp_dagster_home_ohf85d3i/storage/scorers_data using PickledObjectFilesystemIOManager...
[32m2026-01-02 20:44:24 +0100[0m - dagster - [34mDEBUG[0m - pl_mvp_pipeline - 710f5e77-c40f-4d81-ba05-e1271f5addca - 29589 - scorers_data - ASSET_MATERIALIZATION - Materialized value scorers_data.
[32m2026-01-02 20:44:24 +0100[0m - dagster - [34mDEBUG[0m - pl_mvp_pipeline - 710f5e77-c40f-4d81-ba05-e1271f5addca - 29589 - scorers_data - HANDLED_OUTPUT - Handled output "result" using IO manager "io_manager"
[32m2026-01-02 20:44:24 +0100[0m - dagster - [34mDEBUG[0m - pl_mvp_pipeline - 710f5e77-c40f-4d81-ba05-e1271f5addca - 29589 - scorers_data - STEP_SUCCESS - Finished execution of step "scorers_data" in 506ms.
[32m2026-01-02 20:44:24 +0100[0m - dagster - [34mDEBUG[0m - pl_mvp_pipeline - 710f5e77-c40f-4d81-ba05-e1271f5addca - 29589 - dbt_transformations - STEP_START - Started execution of step "dbt_transformations".
[32m2026-01-02 20:44:24 +0100[0m - dagster - [34mINFO[0m - pl_mvp_pipeline - 710f5e77-c40f-4d81-ba05-e1271f5addca - dbt_transformations - Running dbt transformations...
[32m2026-01-02 20:44:29 +0100[0m - dagster - [34mINFO[0m - pl_mvp_pipeline - 710f5e77-c40f-4d81-ba05-e1271f5addca - dbt_transformations - dbt transformations completed successfully
[32m2026-01-02 20:44:29 +0100[0m - dagster - [34mINFO[0m - pl_mvp_pipeline - 710f5e77-c40f-4d81-ba05-e1271f5addca - dbt_transformations - [0m19:44:26  Running with dbt=1.10.17
[0m19:44:27  Registered adapter: duckdb=1.10.0
[0m19:44:27  Found 11 models, 5 sources, 471 macros
[0m19:44:27  
[0m19:44:27  Concurrency: 1 threads (target='dev')
[0m19:44:27  
[0m19:44:27  1 of 11 START sql view model main_src.src_fixtures ............................. [RUN]
[0m19:44:27  1 of 11 OK created sql view model main_src.src_fixtures ........................ [[32mOK[0m in 0.08s]
[0m19:44:27  2 of 11 START sql view model main_src.src_scorers .............................. [RUN]
[0m19:44:27  2 of 11 OK created sql view model main_src.src_scorers ......................... [[32mOK[0m in 0.03s]
[0m19:44:27  3 of 11 START sql view model main_src.src_standings ............................ [RUN]
[0m19:44:27  3 of 11 OK created sql view model main_src.src_standings ....................... [[32mOK[0m in 0.09s]
[0m19:44:27  4 of 11 START sql view model main_src.src_teams ................................ [RUN]
[0m19:44:27  4 of 11 OK created sql view model main_src.src_teams ........................... [[32mOK[0m in 0.03s]
[0m19:44:27  5 of 11 START sql view model main_stg.stg_players .............................. [RUN]
[0m19:44:27  5 of 11 OK created sql view model main_stg.stg_players ......................... [[32mOK[0m in 0.03s]
[0m19:44:27  6 of 11 START sql view model main_stg.stg_fixtures ............................. [RUN]
[0m19:44:27  6 of 11 OK created sql view model main_stg.stg_fixtures ........................ [[32mOK[0m in 0.03s]
[0m19:44:27  7 of 11 START sql view model main_stg.stg_scorers .............................. [RUN]
[0m19:44:27  7 of 11 OK created sql view model main_stg.stg_scorers ......................... [[32mOK[0m in 0.03s]
[0m19:44:27  8 of 11 START sql view model main_stg.stg_standings ............................ [RUN]
[0m19:44:28  8 of 11 OK created sql view model main_stg.stg_standings ....................... [[32mOK[0m in 0.03s]
[0m19:44:28  9 of 11 START sql view model main_stg.stg_teams ................................ [RUN]
[0m19:44:28  9 of 11 OK created sql view model main_stg.stg_teams ........................... [[32mOK[0m in 0.03s]
[0m19:44:28  10 of 11 START sql table model main_mart.mart_player_kpi ....................... [RUN]
[0m19:44:28  10 of 11 OK created sql table model main_mart.mart_player_kpi .................. [[32mOK[0m in 0.07s]
[0m19:44:28  11 of 11 START sql table model main_mart.mart_team_kpi ......................... [RUN]
[0m19:44:28  11 of 11 OK created sql table model main_mart.mart_team_kpi .................... [[32mOK[0m in 0.05s]
[0m19:44:28  
[0m19:44:28  Finished running 2 table models, 9 view models in 0 hours 0 minutes and 0.72 seconds (0.72s).
[0m19:44:28  
[0m19:44:28  [32mCompleted successfully[0m
[0m19:44:28  
[0m19:44:28  Done. PASS=11 WARN=0 ERROR=0 SKIP=0 NO-OP=0 TOTAL=11

[32m2026-01-02 20:44:29 +0100[0m - dagster - [34mDEBUG[0m - pl_mvp_pipeline - 710f5e77-c40f-4d81-ba05-e1271f5addca - 29589 - dbt_transformations - STEP_OUTPUT - Yielded output "result" of type "Any". (Type check passed).
[32m2026-01-02 20:44:29 +0100[0m - dagster - [34mDEBUG[0m - pl_mvp_pipeline - 710f5e77-c40f-4d81-ba05-e1271f5addca - dbt_transformations - Writing file at: /Users/admin/Documents/github/PL_dashboard/.tmp_dagster_home_ohf85d3i/storage/dbt_transformations using PickledObjectFilesystemIOManager...
[32m2026-01-02 20:44:29 +0100[0m - dagster - [34mDEBUG[0m - pl_mvp_pipeline - 710f5e77-c40f-4d81-ba05-e1271f5addca - 29589 - dbt_transformations - ASSET_MATERIALIZATION - Materialized value dbt_transformations.
[32m2026-01-02 20:44:29 +0100[0m - dagster - [34mDEBUG[0m - pl_mvp_pipeline - 710f5e77-c40f-4d81-ba05-e1271f5addca - 29589 - dbt_transformations - HANDLED_OUTPUT - Handled output "result" using IO manager "io_manager"
[32m2026-01-02 20:44:29 +0100[0m - dagster - [34mDEBUG[0m - pl_mvp_pipeline - 710f5e77-c40f-4d81-ba05-e1271f5addca - 29589 - dbt_transformations - STEP_SUCCESS - Finished execution of step "dbt_transformations" in 4.58s.
