[32m2026-01-06 00:20:04 +0100[0m - dagster - [34mDEBUG[0m - __ASSET_JOB - 3cee5e62-6cac-4b7e-96d2-d722fa0c394b - 60539 - LOGS_CAPTURED - Started capturing logs in process (pid: 60539).
[32m2026-01-06 00:20:04 +0100[0m - dagster - [34mDEBUG[0m - __ASSET_JOB - 3cee5e62-6cac-4b7e-96d2-d722fa0c394b - 60539 - teams_data - STEP_START - Started execution of step "teams_data".
[32m2026-01-06 00:20:04 +0100[0m - dagster - [34mINFO[0m - __ASSET_JOB - 3cee5e62-6cac-4b7e-96d2-d722fa0c394b - teams_data - Running teams pipeline...
[32m2026-01-06 00:20:06 +0100[0m - dagster - [34mINFO[0m - __ASSET_JOB - 3cee5e62-6cac-4b7e-96d2-d722fa0c394b - teams_data - Verified teams table exists
[32m2026-01-06 00:20:06 +0100[0m - dagster - [34mINFO[0m - __ASSET_JOB - 3cee5e62-6cac-4b7e-96d2-d722fa0c394b - teams_data - Teams pipeline completed.
[32m2026-01-06 00:20:06 +0100[0m - dagster - [34mDEBUG[0m - __ASSET_JOB - 3cee5e62-6cac-4b7e-96d2-d722fa0c394b - 60539 - teams_data - STEP_OUTPUT - Yielded output "result" of type "Any". (Type check passed).
[32m2026-01-06 00:20:06 +0100[0m - dagster - [34mDEBUG[0m - __ASSET_JOB - 3cee5e62-6cac-4b7e-96d2-d722fa0c394b - teams_data - Writing file at: /Users/admin/Documents/github/PL_dashboard/.tmp_dagster_home_q3d8djdu/storage/teams_data using PickledObjectFilesystemIOManager...
[32m2026-01-06 00:20:06 +0100[0m - dagster - [34mDEBUG[0m - __ASSET_JOB - 3cee5e62-6cac-4b7e-96d2-d722fa0c394b - 60539 - teams_data - ASSET_MATERIALIZATION - Materialized value teams_data.
[32m2026-01-06 00:20:06 +0100[0m - dagster - [34mDEBUG[0m - __ASSET_JOB - 3cee5e62-6cac-4b7e-96d2-d722fa0c394b - 60539 - teams_data - HANDLED_OUTPUT - Handled output "result" using IO manager "io_manager"
[32m2026-01-06 00:20:06 +0100[0m - dagster - [34mDEBUG[0m - __ASSET_JOB - 3cee5e62-6cac-4b7e-96d2-d722fa0c394b - 60539 - teams_data - STEP_SUCCESS - Finished execution of step "teams_data" in 1.65s.
[32m2026-01-06 00:20:06 +0100[0m - dagster - [34mDEBUG[0m - __ASSET_JOB - 3cee5e62-6cac-4b7e-96d2-d722fa0c394b - 60539 - fixtures_data - STEP_START - Started execution of step "fixtures_data".
[32m2026-01-06 00:20:06 +0100[0m - dagster - [34mINFO[0m - __ASSET_JOB - 3cee5e62-6cac-4b7e-96d2-d722fa0c394b - fixtures_data - Running fixtures pipeline...
2026-01-06 00:20:07,064|[WARNING]|60539|140704628489152|dlt|validate.py|verify_normalized_table:91|In schema `fixtures`: The following columns in table 'fixtures' did not receive any data during this load and therefore could not have their types inferred:
  - status_long
  - status_short
  - status_elapsed

Unless type hints are provided, these columns will not be materialized in the destination.
One way to provide type hints is to use the 'columns' argument in the '@dlt.resource' decorator.  For example:

@dlt.resource(columns={'status_long': {'data_type': 'text'}})

[32m2026-01-06 00:20:07 +0100[0m - dagster - [34mINFO[0m - __ASSET_JOB - 3cee5e62-6cac-4b7e-96d2-d722fa0c394b - fixtures_data - Verified fixtures table exists
[32m2026-01-06 00:20:07 +0100[0m - dagster - [34mINFO[0m - __ASSET_JOB - 3cee5e62-6cac-4b7e-96d2-d722fa0c394b - fixtures_data - Fixtures pipeline completed.
[32m2026-01-06 00:20:07 +0100[0m - dagster - [34mDEBUG[0m - __ASSET_JOB - 3cee5e62-6cac-4b7e-96d2-d722fa0c394b - 60539 - fixtures_data - STEP_OUTPUT - Yielded output "result" of type "Any". (Type check passed).
[32m2026-01-06 00:20:07 +0100[0m - dagster - [34mDEBUG[0m - __ASSET_JOB - 3cee5e62-6cac-4b7e-96d2-d722fa0c394b - fixtures_data - Writing file at: /Users/admin/Documents/github/PL_dashboard/.tmp_dagster_home_q3d8djdu/storage/fixtures_data using PickledObjectFilesystemIOManager...
[32m2026-01-06 00:20:07 +0100[0m - dagster - [34mDEBUG[0m - __ASSET_JOB - 3cee5e62-6cac-4b7e-96d2-d722fa0c394b - 60539 - fixtures_data - ASSET_MATERIALIZATION - Materialized value fixtures_data.
[32m2026-01-06 00:20:07 +0100[0m - dagster - [34mDEBUG[0m - __ASSET_JOB - 3cee5e62-6cac-4b7e-96d2-d722fa0c394b - 60539 - fixtures_data - HANDLED_OUTPUT - Handled output "result" using IO manager "io_manager"
[32m2026-01-06 00:20:07 +0100[0m - dagster - [34mDEBUG[0m - __ASSET_JOB - 3cee5e62-6cac-4b7e-96d2-d722fa0c394b - 60539 - fixtures_data - STEP_SUCCESS - Finished execution of step "fixtures_data" in 1.1s.
[32m2026-01-06 00:20:07 +0100[0m - dagster - [34mDEBUG[0m - __ASSET_JOB - 3cee5e62-6cac-4b7e-96d2-d722fa0c394b - 60539 - standings_data - STEP_START - Started execution of step "standings_data".
[32m2026-01-06 00:20:07 +0100[0m - dagster - [34mINFO[0m - __ASSET_JOB - 3cee5e62-6cac-4b7e-96d2-d722fa0c394b - standings_data - Running standings pipeline...
[32m2026-01-06 00:20:08 +0100[0m - dagster - [34mINFO[0m - __ASSET_JOB - 3cee5e62-6cac-4b7e-96d2-d722fa0c394b - standings_data - Verified standings table exists
[32m2026-01-06 00:20:08 +0100[0m - dagster - [34mINFO[0m - __ASSET_JOB - 3cee5e62-6cac-4b7e-96d2-d722fa0c394b - standings_data - Standings pipeline completed.
[32m2026-01-06 00:20:08 +0100[0m - dagster - [34mDEBUG[0m - __ASSET_JOB - 3cee5e62-6cac-4b7e-96d2-d722fa0c394b - 60539 - standings_data - STEP_OUTPUT - Yielded output "result" of type "Any". (Type check passed).
[32m2026-01-06 00:20:08 +0100[0m - dagster - [34mDEBUG[0m - __ASSET_JOB - 3cee5e62-6cac-4b7e-96d2-d722fa0c394b - standings_data - Writing file at: /Users/admin/Documents/github/PL_dashboard/.tmp_dagster_home_q3d8djdu/storage/standings_data using PickledObjectFilesystemIOManager...
[32m2026-01-06 00:20:08 +0100[0m - dagster - [34mDEBUG[0m - __ASSET_JOB - 3cee5e62-6cac-4b7e-96d2-d722fa0c394b - 60539 - standings_data - ASSET_MATERIALIZATION - Materialized value standings_data.
[32m2026-01-06 00:20:08 +0100[0m - dagster - [34mDEBUG[0m - __ASSET_JOB - 3cee5e62-6cac-4b7e-96d2-d722fa0c394b - 60539 - standings_data - HANDLED_OUTPUT - Handled output "result" using IO manager "io_manager"
[32m2026-01-06 00:20:08 +0100[0m - dagster - [34mDEBUG[0m - __ASSET_JOB - 3cee5e62-6cac-4b7e-96d2-d722fa0c394b - 60539 - standings_data - STEP_SUCCESS - Finished execution of step "standings_data" in 702ms.
[32m2026-01-06 00:20:08 +0100[0m - dagster - [34mDEBUG[0m - __ASSET_JOB - 3cee5e62-6cac-4b7e-96d2-d722fa0c394b - 60539 - players_data - STEP_START - Started execution of step "players_data".
[32m2026-01-06 00:20:08 +0100[0m - dagster - [34mINFO[0m - __ASSET_JOB - 3cee5e62-6cac-4b7e-96d2-d722fa0c394b - players_data - Running players pipeline...
[32m2026-01-06 00:20:15 +0100[0m - dagster - [34mINFO[0m - __ASSET_JOB - 3cee5e62-6cac-4b7e-96d2-d722fa0c394b - players_data - Verified players table exists
[32m2026-01-06 00:20:15 +0100[0m - dagster - [34mINFO[0m - __ASSET_JOB - 3cee5e62-6cac-4b7e-96d2-d722fa0c394b - players_data - Players pipeline completed.
[32m2026-01-06 00:20:15 +0100[0m - dagster - [34mDEBUG[0m - __ASSET_JOB - 3cee5e62-6cac-4b7e-96d2-d722fa0c394b - 60539 - players_data - STEP_OUTPUT - Yielded output "result" of type "Any". (Type check passed).
[32m2026-01-06 00:20:15 +0100[0m - dagster - [34mDEBUG[0m - __ASSET_JOB - 3cee5e62-6cac-4b7e-96d2-d722fa0c394b - players_data - Writing file at: /Users/admin/Documents/github/PL_dashboard/.tmp_dagster_home_q3d8djdu/storage/players_data using PickledObjectFilesystemIOManager...
[32m2026-01-06 00:20:15 +0100[0m - dagster - [34mDEBUG[0m - __ASSET_JOB - 3cee5e62-6cac-4b7e-96d2-d722fa0c394b - 60539 - players_data - ASSET_MATERIALIZATION - Materialized value players_data.
[32m2026-01-06 00:20:15 +0100[0m - dagster - [34mDEBUG[0m - __ASSET_JOB - 3cee5e62-6cac-4b7e-96d2-d722fa0c394b - 60539 - players_data - HANDLED_OUTPUT - Handled output "result" using IO manager "io_manager"
[32m2026-01-06 00:20:15 +0100[0m - dagster - [34mDEBUG[0m - __ASSET_JOB - 3cee5e62-6cac-4b7e-96d2-d722fa0c394b - 60539 - players_data - STEP_SUCCESS - Finished execution of step "players_data" in 7.58s.
[32m2026-01-06 00:20:15 +0100[0m - dagster - [34mDEBUG[0m - __ASSET_JOB - 3cee5e62-6cac-4b7e-96d2-d722fa0c394b - 60539 - scorers_data - STEP_START - Started execution of step "scorers_data".
[32m2026-01-06 00:20:15 +0100[0m - dagster - [34mINFO[0m - __ASSET_JOB - 3cee5e62-6cac-4b7e-96d2-d722fa0c394b - scorers_data - Running scorers pipeline...
[32m2026-01-06 00:20:16 +0100[0m - dagster - [34mINFO[0m - __ASSET_JOB - 3cee5e62-6cac-4b7e-96d2-d722fa0c394b - scorers_data - Verified scorers table exists
[32m2026-01-06 00:20:16 +0100[0m - dagster - [34mINFO[0m - __ASSET_JOB - 3cee5e62-6cac-4b7e-96d2-d722fa0c394b - scorers_data - Scorers pipeline completed.
[32m2026-01-06 00:20:16 +0100[0m - dagster - [34mDEBUG[0m - __ASSET_JOB - 3cee5e62-6cac-4b7e-96d2-d722fa0c394b - 60539 - scorers_data - STEP_OUTPUT - Yielded output "result" of type "Any". (Type check passed).
[32m2026-01-06 00:20:16 +0100[0m - dagster - [34mDEBUG[0m - __ASSET_JOB - 3cee5e62-6cac-4b7e-96d2-d722fa0c394b - scorers_data - Writing file at: /Users/admin/Documents/github/PL_dashboard/.tmp_dagster_home_q3d8djdu/storage/scorers_data using PickledObjectFilesystemIOManager...
[32m2026-01-06 00:20:16 +0100[0m - dagster - [34mDEBUG[0m - __ASSET_JOB - 3cee5e62-6cac-4b7e-96d2-d722fa0c394b - 60539 - scorers_data - ASSET_MATERIALIZATION - Materialized value scorers_data.
[32m2026-01-06 00:20:16 +0100[0m - dagster - [34mDEBUG[0m - __ASSET_JOB - 3cee5e62-6cac-4b7e-96d2-d722fa0c394b - 60539 - scorers_data - HANDLED_OUTPUT - Handled output "result" using IO manager "io_manager"
[32m2026-01-06 00:20:16 +0100[0m - dagster - [34mDEBUG[0m - __ASSET_JOB - 3cee5e62-6cac-4b7e-96d2-d722fa0c394b - 60539 - scorers_data - STEP_SUCCESS - Finished execution of step "scorers_data" in 699ms.
[32m2026-01-06 00:20:16 +0100[0m - dagster - [34mDEBUG[0m - __ASSET_JOB - 3cee5e62-6cac-4b7e-96d2-d722fa0c394b - 60539 - dbt_transformations - STEP_START - Started execution of step "dbt_transformations".
[32m2026-01-06 00:20:16 +0100[0m - dagster - [34mINFO[0m - __ASSET_JOB - 3cee5e62-6cac-4b7e-96d2-d722fa0c394b - dbt_transformations - Running dbt transformations...
[32m2026-01-06 00:20:23 +0100[0m - dagster - [34mINFO[0m - __ASSET_JOB - 3cee5e62-6cac-4b7e-96d2-d722fa0c394b - dbt_transformations - dbt transformations completed successfully
[32m2026-01-06 00:20:23 +0100[0m - dagster - [34mINFO[0m - __ASSET_JOB - 3cee5e62-6cac-4b7e-96d2-d722fa0c394b - dbt_transformations - [0m23:20:20  Running with dbt=1.10.17
[0m23:20:20  Registered adapter: duckdb=1.10.0
[0m23:20:21  Found 11 models, 5 sources, 471 macros
[0m23:20:21  
[0m23:20:21  Concurrency: 1 threads (target='dev')
[0m23:20:21  
[0m23:20:21  1 of 11 START sql view model main_src.src_fixtures ............................. [RUN]
[0m23:20:21  1 of 11 OK created sql view model main_src.src_fixtures ........................ [[32mOK[0m in 0.13s]
[0m23:20:21  2 of 11 START sql view model main_src.src_scorers .............................. [RUN]
[0m23:20:21  2 of 11 OK created sql view model main_src.src_scorers ......................... [[32mOK[0m in 0.04s]
[0m23:20:21  3 of 11 START sql view model main_src.src_standings ............................ [RUN]
[0m23:20:22  3 of 11 OK created sql view model main_src.src_standings ....................... [[32mOK[0m in 0.11s]
[0m23:20:22  4 of 11 START sql view model main_src.src_teams ................................ [RUN]
[0m23:20:22  4 of 11 OK created sql view model main_src.src_teams ........................... [[32mOK[0m in 0.04s]
[0m23:20:22  5 of 11 START sql view model main_stg.stg_players .............................. [RUN]
[0m23:20:22  5 of 11 OK created sql view model main_stg.stg_players ......................... [[32mOK[0m in 0.04s]
[0m23:20:22  6 of 11 START sql view model main_stg.stg_fixtures ............................. [RUN]
[0m23:20:22  6 of 11 OK created sql view model main_stg.stg_fixtures ........................ [[32mOK[0m in 0.04s]
[0m23:20:22  7 of 11 START sql view model main_stg.stg_scorers .............................. [RUN]
[0m23:20:22  7 of 11 OK created sql view model main_stg.stg_scorers ......................... [[32mOK[0m in 0.04s]
[0m23:20:22  8 of 11 START sql view model main_stg.stg_standings ............................ [RUN]
[0m23:20:22  8 of 11 OK created sql view model main_stg.stg_standings ....................... [[32mOK[0m in 0.04s]
[0m23:20:22  9 of 11 START sql view model main_stg.stg_teams ................................ [RUN]
[0m23:20:22  9 of 11 OK created sql view model main_stg.stg_teams ........................... [[32mOK[0m in 0.04s]
[0m23:20:22  10 of 11 START sql table model main_mart.mart_player_kpi ....................... [RUN]
[0m23:20:22  10 of 11 OK created sql table model main_mart.mart_player_kpi .................. [[32mOK[0m in 0.10s]
[0m23:20:22  11 of 11 START sql table model main_mart.mart_team_kpi ......................... [RUN]
[0m23:20:22  11 of 11 OK created sql table model main_mart.mart_team_kpi .................... [[32mOK[0m in 0.08s]
[0m23:20:22  
[0m23:20:22  Finished running 2 table models, 9 view models in 0 hours 0 minutes and 1.11 seconds (1.11s).
[0m23:20:22  
[0m23:20:22  [32mCompleted successfully[0m
[0m23:20:22  
[0m23:20:22  Done. PASS=11 WARN=0 ERROR=0 SKIP=0 NO-OP=0 TOTAL=11

[32m2026-01-06 00:20:23 +0100[0m - dagster - [34mDEBUG[0m - __ASSET_JOB - 3cee5e62-6cac-4b7e-96d2-d722fa0c394b - 60539 - dbt_transformations - STEP_OUTPUT - Yielded output "result" of type "Any". (Type check passed).
[32m2026-01-06 00:20:23 +0100[0m - dagster - [34mDEBUG[0m - __ASSET_JOB - 3cee5e62-6cac-4b7e-96d2-d722fa0c394b - dbt_transformations - Writing file at: /Users/admin/Documents/github/PL_dashboard/.tmp_dagster_home_q3d8djdu/storage/dbt_transformations using PickledObjectFilesystemIOManager...
[32m2026-01-06 00:20:23 +0100[0m - dagster - [34mDEBUG[0m - __ASSET_JOB - 3cee5e62-6cac-4b7e-96d2-d722fa0c394b - 60539 - dbt_transformations - ASSET_MATERIALIZATION - Materialized value dbt_transformations.
[32m2026-01-06 00:20:23 +0100[0m - dagster - [34mDEBUG[0m - __ASSET_JOB - 3cee5e62-6cac-4b7e-96d2-d722fa0c394b - 60539 - dbt_transformations - HANDLED_OUTPUT - Handled output "result" using IO manager "io_manager"
[32m2026-01-06 00:20:23 +0100[0m - dagster - [34mDEBUG[0m - __ASSET_JOB - 3cee5e62-6cac-4b7e-96d2-d722fa0c394b - 60539 - dbt_transformations - STEP_SUCCESS - Finished execution of step "dbt_transformations" in 7.03s.
