[32m2026-01-04 00:00:30 +0100[0m - dagster - [34mDEBUG[0m - pl_mvp_pipeline - abbe80cd-8fa0-4de2-b86e-ed2104d7618c - 38106 - LOGS_CAPTURED - Started capturing logs in process (pid: 38106).
[32m2026-01-04 00:00:30 +0100[0m - dagster - [34mDEBUG[0m - pl_mvp_pipeline - abbe80cd-8fa0-4de2-b86e-ed2104d7618c - 38106 - teams_data - STEP_START - Started execution of step "teams_data".
[32m2026-01-04 00:00:30 +0100[0m - dagster - [34mINFO[0m - pl_mvp_pipeline - abbe80cd-8fa0-4de2-b86e-ed2104d7618c - teams_data - Running teams pipeline...
[32m2026-01-04 00:00:31 +0100[0m - dagster - [34mINFO[0m - pl_mvp_pipeline - abbe80cd-8fa0-4de2-b86e-ed2104d7618c - teams_data - Verified teams table exists
[32m2026-01-04 00:00:31 +0100[0m - dagster - [34mINFO[0m - pl_mvp_pipeline - abbe80cd-8fa0-4de2-b86e-ed2104d7618c - teams_data - Teams pipeline completed.
[32m2026-01-04 00:00:31 +0100[0m - dagster - [34mDEBUG[0m - pl_mvp_pipeline - abbe80cd-8fa0-4de2-b86e-ed2104d7618c - 38106 - teams_data - STEP_OUTPUT - Yielded output "result" of type "Any". (Type check passed).
[32m2026-01-04 00:00:31 +0100[0m - dagster - [34mDEBUG[0m - pl_mvp_pipeline - abbe80cd-8fa0-4de2-b86e-ed2104d7618c - teams_data - Writing file at: /Users/admin/Documents/github/PL_dashboard/.tmp_dagster_home_fz8inukj/storage/teams_data using PickledObjectFilesystemIOManager...
[32m2026-01-04 00:00:31 +0100[0m - dagster - [34mDEBUG[0m - pl_mvp_pipeline - abbe80cd-8fa0-4de2-b86e-ed2104d7618c - 38106 - teams_data - ASSET_MATERIALIZATION - Materialized value teams_data.
[32m2026-01-04 00:00:31 +0100[0m - dagster - [34mDEBUG[0m - pl_mvp_pipeline - abbe80cd-8fa0-4de2-b86e-ed2104d7618c - 38106 - teams_data - HANDLED_OUTPUT - Handled output "result" using IO manager "io_manager"
[32m2026-01-04 00:00:31 +0100[0m - dagster - [34mDEBUG[0m - pl_mvp_pipeline - abbe80cd-8fa0-4de2-b86e-ed2104d7618c - 38106 - teams_data - STEP_SUCCESS - Finished execution of step "teams_data" in 1.44s.
[32m2026-01-04 00:00:31 +0100[0m - dagster - [34mDEBUG[0m - pl_mvp_pipeline - abbe80cd-8fa0-4de2-b86e-ed2104d7618c - 38106 - fixtures_data - STEP_START - Started execution of step "fixtures_data".
[32m2026-01-04 00:00:31 +0100[0m - dagster - [34mINFO[0m - pl_mvp_pipeline - abbe80cd-8fa0-4de2-b86e-ed2104d7618c - fixtures_data - Running fixtures pipeline...
2026-01-04 00:00:32,168|[WARNING]|38106|140704628489152|dlt|validate.py|verify_normalized_table:91|In schema `fixtures`: The following columns in table 'fixtures' did not receive any data during this load and therefore could not have their types inferred:
  - status_long
  - status_short
  - status_elapsed

Unless type hints are provided, these columns will not be materialized in the destination.
One way to provide type hints is to use the 'columns' argument in the '@dlt.resource' decorator.  For example:

@dlt.resource(columns={'status_long': {'data_type': 'text'}})

[32m2026-01-04 00:00:32 +0100[0m - dagster - [34mINFO[0m - pl_mvp_pipeline - abbe80cd-8fa0-4de2-b86e-ed2104d7618c - fixtures_data - Verified fixtures table exists
[32m2026-01-04 00:00:32 +0100[0m - dagster - [34mINFO[0m - pl_mvp_pipeline - abbe80cd-8fa0-4de2-b86e-ed2104d7618c - fixtures_data - Fixtures pipeline completed.
[32m2026-01-04 00:00:32 +0100[0m - dagster - [34mDEBUG[0m - pl_mvp_pipeline - abbe80cd-8fa0-4de2-b86e-ed2104d7618c - 38106 - fixtures_data - STEP_OUTPUT - Yielded output "result" of type "Any". (Type check passed).
[32m2026-01-04 00:00:32 +0100[0m - dagster - [34mDEBUG[0m - pl_mvp_pipeline - abbe80cd-8fa0-4de2-b86e-ed2104d7618c - fixtures_data - Writing file at: /Users/admin/Documents/github/PL_dashboard/.tmp_dagster_home_fz8inukj/storage/fixtures_data using PickledObjectFilesystemIOManager...
[32m2026-01-04 00:00:32 +0100[0m - dagster - [34mDEBUG[0m - pl_mvp_pipeline - abbe80cd-8fa0-4de2-b86e-ed2104d7618c - 38106 - fixtures_data - ASSET_MATERIALIZATION - Materialized value fixtures_data.
[32m2026-01-04 00:00:32 +0100[0m - dagster - [34mDEBUG[0m - pl_mvp_pipeline - abbe80cd-8fa0-4de2-b86e-ed2104d7618c - 38106 - fixtures_data - HANDLED_OUTPUT - Handled output "result" using IO manager "io_manager"
[32m2026-01-04 00:00:32 +0100[0m - dagster - [34mDEBUG[0m - pl_mvp_pipeline - abbe80cd-8fa0-4de2-b86e-ed2104d7618c - 38106 - fixtures_data - STEP_SUCCESS - Finished execution of step "fixtures_data" in 644ms.
[32m2026-01-04 00:00:32 +0100[0m - dagster - [34mDEBUG[0m - pl_mvp_pipeline - abbe80cd-8fa0-4de2-b86e-ed2104d7618c - 38106 - standings_data - STEP_START - Started execution of step "standings_data".
[32m2026-01-04 00:00:32 +0100[0m - dagster - [34mINFO[0m - pl_mvp_pipeline - abbe80cd-8fa0-4de2-b86e-ed2104d7618c - standings_data - Running standings pipeline...
[32m2026-01-04 00:00:32 +0100[0m - dagster - [34mINFO[0m - pl_mvp_pipeline - abbe80cd-8fa0-4de2-b86e-ed2104d7618c - standings_data - Verified standings table exists
[32m2026-01-04 00:00:32 +0100[0m - dagster - [34mINFO[0m - pl_mvp_pipeline - abbe80cd-8fa0-4de2-b86e-ed2104d7618c - standings_data - Standings pipeline completed.
[32m2026-01-04 00:00:32 +0100[0m - dagster - [34mDEBUG[0m - pl_mvp_pipeline - abbe80cd-8fa0-4de2-b86e-ed2104d7618c - 38106 - standings_data - STEP_OUTPUT - Yielded output "result" of type "Any". (Type check passed).
[32m2026-01-04 00:00:32 +0100[0m - dagster - [34mDEBUG[0m - pl_mvp_pipeline - abbe80cd-8fa0-4de2-b86e-ed2104d7618c - standings_data - Writing file at: /Users/admin/Documents/github/PL_dashboard/.tmp_dagster_home_fz8inukj/storage/standings_data using PickledObjectFilesystemIOManager...
[32m2026-01-04 00:00:32 +0100[0m - dagster - [34mDEBUG[0m - pl_mvp_pipeline - abbe80cd-8fa0-4de2-b86e-ed2104d7618c - 38106 - standings_data - ASSET_MATERIALIZATION - Materialized value standings_data.
[32m2026-01-04 00:00:32 +0100[0m - dagster - [34mDEBUG[0m - pl_mvp_pipeline - abbe80cd-8fa0-4de2-b86e-ed2104d7618c - 38106 - standings_data - HANDLED_OUTPUT - Handled output "result" using IO manager "io_manager"
[32m2026-01-04 00:00:32 +0100[0m - dagster - [34mDEBUG[0m - pl_mvp_pipeline - abbe80cd-8fa0-4de2-b86e-ed2104d7618c - 38106 - standings_data - STEP_SUCCESS - Finished execution of step "standings_data" in 533ms.
[32m2026-01-04 00:00:32 +0100[0m - dagster - [34mDEBUG[0m - pl_mvp_pipeline - abbe80cd-8fa0-4de2-b86e-ed2104d7618c - 38106 - players_data - STEP_START - Started execution of step "players_data".
[32m2026-01-04 00:00:32 +0100[0m - dagster - [34mINFO[0m - pl_mvp_pipeline - abbe80cd-8fa0-4de2-b86e-ed2104d7618c - players_data - Running players pipeline...
[32m2026-01-04 00:00:40 +0100[0m - dagster - [34mINFO[0m - pl_mvp_pipeline - abbe80cd-8fa0-4de2-b86e-ed2104d7618c - players_data - Verified players table exists
[32m2026-01-04 00:00:40 +0100[0m - dagster - [34mINFO[0m - pl_mvp_pipeline - abbe80cd-8fa0-4de2-b86e-ed2104d7618c - players_data - Players pipeline completed.
[32m2026-01-04 00:00:40 +0100[0m - dagster - [34mDEBUG[0m - pl_mvp_pipeline - abbe80cd-8fa0-4de2-b86e-ed2104d7618c - 38106 - players_data - STEP_OUTPUT - Yielded output "result" of type "Any". (Type check passed).
[32m2026-01-04 00:00:40 +0100[0m - dagster - [34mDEBUG[0m - pl_mvp_pipeline - abbe80cd-8fa0-4de2-b86e-ed2104d7618c - players_data - Writing file at: /Users/admin/Documents/github/PL_dashboard/.tmp_dagster_home_fz8inukj/storage/players_data using PickledObjectFilesystemIOManager...
[32m2026-01-04 00:00:40 +0100[0m - dagster - [34mDEBUG[0m - pl_mvp_pipeline - abbe80cd-8fa0-4de2-b86e-ed2104d7618c - 38106 - players_data - ASSET_MATERIALIZATION - Materialized value players_data.
[32m2026-01-04 00:00:40 +0100[0m - dagster - [34mDEBUG[0m - pl_mvp_pipeline - abbe80cd-8fa0-4de2-b86e-ed2104d7618c - 38106 - players_data - HANDLED_OUTPUT - Handled output "result" using IO manager "io_manager"
[32m2026-01-04 00:00:40 +0100[0m - dagster - [34mDEBUG[0m - pl_mvp_pipeline - abbe80cd-8fa0-4de2-b86e-ed2104d7618c - 38106 - players_data - STEP_SUCCESS - Finished execution of step "players_data" in 7.15s.
[32m2026-01-04 00:00:40 +0100[0m - dagster - [34mDEBUG[0m - pl_mvp_pipeline - abbe80cd-8fa0-4de2-b86e-ed2104d7618c - 38106 - scorers_data - STEP_START - Started execution of step "scorers_data".
[32m2026-01-04 00:00:40 +0100[0m - dagster - [34mINFO[0m - pl_mvp_pipeline - abbe80cd-8fa0-4de2-b86e-ed2104d7618c - scorers_data - Running scorers pipeline...
[32m2026-01-04 00:00:40 +0100[0m - dagster - [34mINFO[0m - pl_mvp_pipeline - abbe80cd-8fa0-4de2-b86e-ed2104d7618c - scorers_data - Verified scorers table exists
[32m2026-01-04 00:00:40 +0100[0m - dagster - [34mINFO[0m - pl_mvp_pipeline - abbe80cd-8fa0-4de2-b86e-ed2104d7618c - scorers_data - Scorers pipeline completed.
[32m2026-01-04 00:00:40 +0100[0m - dagster - [34mDEBUG[0m - pl_mvp_pipeline - abbe80cd-8fa0-4de2-b86e-ed2104d7618c - 38106 - scorers_data - STEP_OUTPUT - Yielded output "result" of type "Any". (Type check passed).
[32m2026-01-04 00:00:40 +0100[0m - dagster - [34mDEBUG[0m - pl_mvp_pipeline - abbe80cd-8fa0-4de2-b86e-ed2104d7618c - scorers_data - Writing file at: /Users/admin/Documents/github/PL_dashboard/.tmp_dagster_home_fz8inukj/storage/scorers_data using PickledObjectFilesystemIOManager...
[32m2026-01-04 00:00:40 +0100[0m - dagster - [34mDEBUG[0m - pl_mvp_pipeline - abbe80cd-8fa0-4de2-b86e-ed2104d7618c - 38106 - scorers_data - ASSET_MATERIALIZATION - Materialized value scorers_data.
[32m2026-01-04 00:00:40 +0100[0m - dagster - [34mDEBUG[0m - pl_mvp_pipeline - abbe80cd-8fa0-4de2-b86e-ed2104d7618c - 38106 - scorers_data - HANDLED_OUTPUT - Handled output "result" using IO manager "io_manager"
[32m2026-01-04 00:00:40 +0100[0m - dagster - [34mDEBUG[0m - pl_mvp_pipeline - abbe80cd-8fa0-4de2-b86e-ed2104d7618c - 38106 - scorers_data - STEP_SUCCESS - Finished execution of step "scorers_data" in 514ms.
[32m2026-01-04 00:00:40 +0100[0m - dagster - [34mDEBUG[0m - pl_mvp_pipeline - abbe80cd-8fa0-4de2-b86e-ed2104d7618c - 38106 - dbt_transformations - STEP_START - Started execution of step "dbt_transformations".
[32m2026-01-04 00:00:40 +0100[0m - dagster - [34mINFO[0m - pl_mvp_pipeline - abbe80cd-8fa0-4de2-b86e-ed2104d7618c - dbt_transformations - Running dbt transformations...
[32m2026-01-04 00:00:45 +0100[0m - dagster - [34mINFO[0m - pl_mvp_pipeline - abbe80cd-8fa0-4de2-b86e-ed2104d7618c - dbt_transformations - dbt transformations completed successfully
[32m2026-01-04 00:00:45 +0100[0m - dagster - [34mINFO[0m - pl_mvp_pipeline - abbe80cd-8fa0-4de2-b86e-ed2104d7618c - dbt_transformations - [0m23:00:42  Running with dbt=1.10.17
[0m23:00:43  Registered adapter: duckdb=1.10.0
[0m23:00:43  Found 11 models, 5 sources, 471 macros
[0m23:00:43  
[0m23:00:43  Concurrency: 1 threads (target='dev')
[0m23:00:43  
[0m23:00:43  1 of 11 START sql view model main_src.src_fixtures ............................. [RUN]
[0m23:00:43  1 of 11 OK created sql view model main_src.src_fixtures ........................ [[32mOK[0m in 0.09s]
[0m23:00:43  2 of 11 START sql view model main_src.src_scorers .............................. [RUN]
[0m23:00:43  2 of 11 OK created sql view model main_src.src_scorers ......................... [[32mOK[0m in 0.03s]
[0m23:00:43  3 of 11 START sql view model main_src.src_standings ............................ [RUN]
[0m23:00:44  3 of 11 OK created sql view model main_src.src_standings ....................... [[32mOK[0m in 0.09s]
[0m23:00:44  4 of 11 START sql view model main_src.src_teams ................................ [RUN]
[0m23:00:44  4 of 11 OK created sql view model main_src.src_teams ........................... [[32mOK[0m in 0.03s]
[0m23:00:44  5 of 11 START sql view model main_stg.stg_players .............................. [RUN]
[0m23:00:44  5 of 11 OK created sql view model main_stg.stg_players ......................... [[32mOK[0m in 0.04s]
[0m23:00:44  6 of 11 START sql view model main_stg.stg_fixtures ............................. [RUN]
[0m23:00:44  6 of 11 OK created sql view model main_stg.stg_fixtures ........................ [[32mOK[0m in 0.03s]
[0m23:00:44  7 of 11 START sql view model main_stg.stg_scorers .............................. [RUN]
[0m23:00:44  7 of 11 OK created sql view model main_stg.stg_scorers ......................... [[32mOK[0m in 0.04s]
[0m23:00:44  8 of 11 START sql view model main_stg.stg_standings ............................ [RUN]
[0m23:00:44  8 of 11 OK created sql view model main_stg.stg_standings ....................... [[32mOK[0m in 0.03s]
[0m23:00:44  9 of 11 START sql view model main_stg.stg_teams ................................ [RUN]
[0m23:00:44  9 of 11 OK created sql view model main_stg.stg_teams ........................... [[32mOK[0m in 0.03s]
[0m23:00:44  10 of 11 START sql table model main_mart.mart_player_kpi ....................... [RUN]
[0m23:00:44  10 of 11 OK created sql table model main_mart.mart_player_kpi .................. [[32mOK[0m in 0.07s]
[0m23:00:44  11 of 11 START sql table model main_mart.mart_team_kpi ......................... [RUN]
[0m23:00:44  11 of 11 OK created sql table model main_mart.mart_team_kpi .................... [[32mOK[0m in 0.05s]
[0m23:00:44  
[0m23:00:44  Finished running 2 table models, 9 view models in 0 hours 0 minutes and 0.80 seconds (0.80s).
[0m23:00:44  
[0m23:00:44  [32mCompleted successfully[0m
[0m23:00:44  
[0m23:00:44  Done. PASS=11 WARN=0 ERROR=0 SKIP=0 NO-OP=0 TOTAL=11

[32m2026-01-04 00:00:45 +0100[0m - dagster - [34mDEBUG[0m - pl_mvp_pipeline - abbe80cd-8fa0-4de2-b86e-ed2104d7618c - 38106 - dbt_transformations - STEP_OUTPUT - Yielded output "result" of type "Any". (Type check passed).
[32m2026-01-04 00:00:45 +0100[0m - dagster - [34mDEBUG[0m - pl_mvp_pipeline - abbe80cd-8fa0-4de2-b86e-ed2104d7618c - dbt_transformations - Writing file at: /Users/admin/Documents/github/PL_dashboard/.tmp_dagster_home_fz8inukj/storage/dbt_transformations using PickledObjectFilesystemIOManager...
[32m2026-01-04 00:00:45 +0100[0m - dagster - [34mDEBUG[0m - pl_mvp_pipeline - abbe80cd-8fa0-4de2-b86e-ed2104d7618c - 38106 - dbt_transformations - ASSET_MATERIALIZATION - Materialized value dbt_transformations.
[32m2026-01-04 00:00:45 +0100[0m - dagster - [34mDEBUG[0m - pl_mvp_pipeline - abbe80cd-8fa0-4de2-b86e-ed2104d7618c - 38106 - dbt_transformations - HANDLED_OUTPUT - Handled output "result" using IO manager "io_manager"
[32m2026-01-04 00:00:45 +0100[0m - dagster - [34mDEBUG[0m - pl_mvp_pipeline - abbe80cd-8fa0-4de2-b86e-ed2104d7618c - 38106 - dbt_transformations - STEP_SUCCESS - Finished execution of step "dbt_transformations" in 4.94s.
